
> proteciones-electricas@1.0.0 build
> vite build

[36mvite v7.3.1 [32mbuilding client environment for production...[36m[39m
transforming...
[32mÔ£ô[39m 1752 modules transformed.
rendering chunks...
computing gzip size...
[2mdist/[22m[32mindex.html                 [39m[1m[2m  0.42 kB[22m[1m[22m[2m Ôöé gzip:   0.30 kB[22m
[2mdist/[22m[35massets/index-CVHQYyhD.css  [39m[1m[2m 52.64 kB[22m[1m[22m[2m Ôöé gzip:   8.69 kB[22m
[2mdist/[22m[36massets/index-BomBIOpz.js   [39m[1m[2m407.49 kB[22m[1m[22m[2m Ôöé gzip: 115.09 kB[22m
[32mÔ£ô built in 3.25s[39m
